// Jest Snapshot v1, https://goo.gl/fbAQLP

exports[`Page snapshot renders 1`] = `
<div>
  <div>
    <div
      className="content"
      id="content"
    >
      <div
        className="row"
      >
        <div
          className="cell"
          id="cell"
          onClick={[Function]}
        />
        <div
          className="cell"
          id="cell"
          onClick={[Function]}
        />
        <div
          className="cell"
          id="cell"
          onClick={[Function]}
        />
      </div>
      <div
        className="row"
      >
        <div
          className="cell"
          id="cell"
          onClick={[Function]}
        />
        <div
          className="cell"
          id="cell"
          onClick={[Function]}
        />
        <div
          className="cell"
          id="cell"
          onClick={[Function]}
        />
      </div>
      <div
        className="row"
      >
        <div
          className="cell"
          id="cell"
          onClick={[Function]}
        />
        <div
          className="cell"
          id="cell"
          onClick={[Function]}
        />
        <div
          className="cell"
          id="cell"
          onClick={[Function]}
        />
      </div>
    </div>
  </div>
</div>
`;
